##########################
#@#---#---#---#---#---#--#
#-#-#-#-#-#-#-#-#-#-#-#--#
#-#-#---#---#---#---#-d--#
#-#-#-####################
#-#-#--------------------#
#-#-###################--#
#-#-#--------------------#
#-#-#-####################
#-#-#--------------------#
#-#-####################-#
#-#-#--------------------#
#-#-#-####################
#-#-#--------------------#
#-#-#-----++a------------#
#-#-#--c--++--------b----#
#---#--------------------#
##########################
##########################
#-#---#---#---#---#---#--#
#-#-#-#-#-#-#-#-#-#-#-#--#
#-#-#---#---#---#---#-d--#
#-#-#-####################
#-#-#--------------------#
#-#-###################--#
#-#-#--------------------#
#-#-#-####################
#-#-#--------------------#
#-#-####################-#
#-#-#--------------------#
#-#-#-####################
#-#-#--------------------#
#-#-#-----+A@------------#
#-#-#--c--++--------b----#
#---#--------------------#
##########################
##########################
#@#---#---#---#---#---#--#
#-#-#-#-#-#-#-#-#-#-#-#--#
#-#-#---#---#---#---#-d--#
#-#-#-####################
#-#-#--------------------#
#-#-###################--#
#-#-#--------------------#
#-#-#-####################
#-#-#--------------------#
#-#-####################-#
#-#-#--------------------#
#-#-#-####################
#-#-#--------------------#
#-#-#-----++a------------#
#-#-#--c--++--------b----#
#---#--------------------#
##########################
##########################
#-#---#---#---#---#---#--#
#-#-#-#-#-#-#-#-#-#-#-#--#
#-#-#---#---#---#---#-d--#
#-#-#-####################
#-#-#--------------------#
#-#-###################--#
#-#-#--------------------#
#-#-#-####################
#-#-#--------------------#
#-#-####################-#
#-#-#--------------------#
#-#-#-####################
#-#-#--------------------#
#-#-#-----++a-------b----#
#-#-#--c--++--------@----#
#---#--------------------#
##########################
##########################
#-#---#---#---#---#---#--#
#-#-#-#-#-#-#-#-#-#-#-#--#
#-#-#---#---#---#---#-d--#
#-#-#-####################
#-#-#--------------------#
#-#-###################--#
#-#-#--------------------#
#-#-#-####################
#-#-#--------------------#
#-#-####################-#
#-#-#--------------------#
#-#-#-####################
#-#-#--------------------#
#-#-#-----++a-------b----#
#-#-#--c--++--------@----#
#---#--------------------#
##########################
##########################
#-#---#---#---#---#---#--#
#-#-#-#-#-#-#-#-#-#-#-#--#
#-#-#---#---#---#---#-@d-#
#-#-#-####################
#-#-#--------------------#
#-#-###################--#
#-#-#--------------------#
#-#-#-####################
#-#-#--------------------#
#-#-####################-#
#-#-#--------------------#
#-#-#-####################
#-#-#--------------------#
#-#-#-----++a-------b----#
#-#-#--c--++-------------#
#---#--------------------#
##########################
##########################
#-#---#---#---#---#---#--#
#-#-#-#-#-#-#-#-#-#-#-#--#
#-#-#---#---#---#---#--d-#
#-#-#-####################
#-#-#--------------------#
#-#-###################--#
#-#-#--------------------#
#-#-#-####################
#-#-#--------------------#
#-#-####################-#
#-#-#--------------------#
#-#-#-####################
#-#-#--------------------#
#-#-#-----++a-------b----#
#-#-#--@--++-------------#
#---#--c-----------------#
##########################
##########################
#-#---#---#---#---#---#--#
#-#-#-#-#-#-#-#-#-#-#-#--#
#-#-#---#---#---#---#-@d-#
#-#-#-####################
#-#-#--------------------#
#-#-###################--#
#-#-#--------------------#
#-#-#-####################
#-#-#--------------------#
#-#-####################-#
#-#-#--------------------#
#-#-#-####################
#-#-#--------------------#
#-#-#-----++a-------b----#
#-#-#--c--++-------------#
#---#--------------------#
##########################
##########################
#-#---#---#---#---#---#--#
#-#-#-#-#-#-#-#-#-#-#-#--#
#-#-#---#---#---#---#--d-#
#-#-#-####################
#-#-#--------------------#
#-#-###################--#
#-#-#--------------------#
#-#-#-####################
#-#-#--------------------#
#-#-####################-#
#-#-#--------------------#
#-#-#-####################
#-#-#--------------------#
#-#-#--c--++a-------b----#
#-#-#--@--++-------------#
#---#--------------------#
##########################
##########################
#-#---#---#---#---#---#--#
#-#-#-#-#-#-#-#-#-#-#-#--#
#-#-#---#---#---#---#--d-#
#-#-#-####################
#-#-#--------------------#
#-#-###################--#
#-#-#--------------------#
#-#-#-####################
#-#-#--------------------#
#-#-####################-#
#-#-#--------------------#
#-#-#-####################
#-#-#--------------------#
#-#-#--c--++a-------b----#
#-#-#--@--++-------------#
#---#--------------------#
##########################
##########################
#-#---#---#---#---#---#--#
#-#-#-#-#-#-#-#-#-#-#-#--#
#-#-#---#---#---#---#--d-#
#-#-#-####################
#-#-#--------------------#
#-#-###################--#
#-#-#--------------------#
#-#-#-####################
#-#-#--------------------#
#-#-####################-#
#-#-#--------------------#
#-#-#-####################
#-#-#--------------------#
#-#-#--c--++a-------b----#
#-#-#--@--++-------------#
#---#--------------------#
##########################
##########################
#-#---#---#---#---#---#--#
#-#-#-#-#-#-#-#-#-#-#-#--#
#-#-#---#---#---#---#--@d#
#-#-#-####################
#-#-#--------------------#
#-#-###################--#
#-#-#--------------------#
#-#-#-####################
#-#-#--------------------#
#-#-####################-#
#-#-#--------------------#
#-#-#-####################
#-#-#--------------------#
#-#-#--c--++a-------b----#
#-#-#-----++-------------#
#---#--------------------#
##########################
##########################
#-#---#---#---#---#---#--#
#-#-#-#-#-#-#-#-#-#-#-#--#
#-#-#---#---#---#---#---d#
#-#-#-####################
#-#-#--------------------#
#-#-###################--#
#-#-#--------------------#
#-#-#-####################
#-#-#--------------------#
#-#-####################-#
#-#-#--------------------#
#-#-#-####################
#-#-#--------------------#
#-#-#--c--+A@-------b----#
#-#-#-----++-------------#
#---#--------------------#
##########################
##########################
#-#---#---#---#---#---#--#
#-#-#-#-#-#-#-#-#-#-#-#--#
#-#-#---#---#---#---#--@d#
#-#-#-####################
#-#-#--------------------#
#-#-###################--#
#-#-#--------------------#
#-#-#-####################
#-#-#--------------------#
#-#-####################-#
#-#-#--------------------#
#-#-#-####################
#-#-#--------------------#
#-#-#--c--++a-------b----#
#-#-#-----++-------------#
#---#--------------------#
##########################
##########################
#-#---#---#---#---#---#--#
#-#-#-#-#-#-#-#-#-#-#-#--#
#-#-#---#---#---#---#--d-#
#-#-#-####################
#-#-#--------------------#
#-#-###################--#
#-#-#--------------------#
#-#-#-####################
#-#-#--------------------#
#-#-####################-#
#-#-#--------------------#
#-#-#-####################
#-#-#--------------------#
#-#-#--c--++a-------b----#
#-#-#--@--++-------------#
#---#--------------------#
##########################
##########################
#-#---#---#---#---#---#--#
#-#-#-#-#-#-#-#-#-#-#-#--#
#-#-#---#---#---#---#-@d-#
#-#-#-####################
#-#-#--------------------#
#-#-###################--#
#-#-#--------------------#
#-#-#-####################
#-#-#--------------------#
#-#-####################-#
#-#-#--------------------#
#-#-#-####################
#-#-#--------------------#
#-#-#-----++a-------b----#
#-#-#--c--++-------------#
#---#--------------------#
##########################
##########################
#-#---#---#---#---#---#--#
#-#-#-#-#-#-#-#-#-#-#-#--#
#-#-#---#---#---#---#-d--#
#-#-#-####################
#-#-#--------------------#
#-#-###################--#
#-#-#--------------------#
#-#-#-####################
#-#-#--------------------#
#-#-####################-#
#-#-#--------------------#
#-#-#-####################
#-#-#--------------------#
#-#-#-----++a-------b----#
#-#-#--c--++--------@----#
#---#--------------------#
##########################
##########################
#@#---#---#---#---#---#--#
#-#-#-#-#-#-#-#-#-#-#-#--#
#-#-#---#---#---#---#-d--#
#-#-#-####################
#-#-#--------------------#
#-#-###################--#
#-#-#--------------------#
#-#-#-####################
#-#-#--------------------#
#-#-####################-#
#-#-#--------------------#
#-#-#-####################
#-#-#--------------------#
#-#-#-----++a------------#
#-#-#--c--++--------b----#
#---#--------------------#
##########################
##########################
#@#---#---#---#---#---#--#
#-#-#-#-#-#-#-#-#-#-#-#--#
#-#-#---#---#---#---#-d--#
#-#-#-####################
#-#-#--------------------#
#-#-###################--#
#-#-#--------------------#
#-#-#-####################
#-#-#--------------------#
#-#-####################-#
#-#-#--------------------#
#-#-#-####################
#-#-#--------------------#
#-#-#-----++a------------#
#-#-#--c--++--------b----#
#---#--------------------#
##########################
##########################
#@#---#---#---#---#---#--#
#-#-#-#-#-#-#-#-#-#-#-#--#
#-#-#---#---#---#---#-d--#
#-#-#-####################
#-#-#--------------------#
#-#-###################--#
#-#-#--------------------#
#-#-#-####################
#-#-#--------------------#
#-#-####################-#
#-#-#--------------------#
#-#-#-####################
#-#-#--------------------#
#-#-#-----++a------------#
#-#-#--c--++--------b----#
#---#--------------------#
##########################
