---------------#--------
-----abcde-----#--------
-----p---f-----#--------
-----o-q-g-----#--------
-----n---h-----#----r---
-----mlkji-----#--------
-@-------------#--------
---------------#--------
---------------#--------
-----abcde-----#--------
-----p---f-----#--------
-----o-q-g-----#--------
-----n---h-----#----r---
-----mlkji-----#--------
-@-------------#--------
---------------#--------
---------------#--------
-----abcde-----#--------
-----p---f-----#--------
-----o-q-g-----#--------
-----n---h-----#----r---
-----mlkji-----#--------
-@-------------#--------
---------------#--------
---------------#--------
-----abcde-----#--------
-----p---f-----#--------
-----o-q-g-----#--------
-----n---h-----#----r---
-----mlkji-----#--------
-@-------------#--------
---------------#--------
---------------#--------
-----abcde-----#--------
-----p---f-----#--------
-----o-q-g-----#--------
-----n---h-----#----r---
-----mlkji-----#--------
-@-------------#--------
---------------#--------
---------------#--------
-----abcde-----#--------
-----p---f-----#--------
-----o-q-g-----#--------
-----n---h-----#----r---
-----mlkji-----#--------
-@-------------#--------
---------------#--------
---------------#--------
-----abcde-----#--------
-----p---f-----#--------
-----o-q-g-----#--------
-----n---h-----#----r---
-----mlkji-----#--------
-@-------------#--------
---------------#--------
---------------#--------
-----abcde-----#--------
-----p---f-----#--------
-----o-q-g-----#--------
-----n---h-----#----r---
-----mlkji-----#--------
-@-------------#--------
---------------#--------
---------------#--------
-----abcde-----#--------
-----p---f-----#--------
-----o-q-g-----#--------
-----nl--h-----#----r---
-----m@kji-----#--------
---------------#--------
---------------#--------
---------------#--------
-----abcde-----#--------
-----p---f-----#--------
-----o-q-g-----#--------
-----nl--h-----#----r---
----m@-kji-----#--------
---------------#--------
---------------#--------
---------------#--------
-----abcde-----#--------
-----p---f-----#--------
-----o-q-g-----#--------
-----nl--h-----#----r---
---m@--kji-----#--------
---------------#--------
---------------#--------
---------------#--------
-----abcde-----#--------
-----@p--f-----#--------
-----o-q-g-----#--------
-----nl--h-----#----r---
---m---kji-----#--------
---------------#--------
---------------#--------
-----a---------#--------
-----@bcde-----#--------
------p--f-----#--------
-----o-q-g-----#--------
-----nl--h-----#----r---
---m---kji-----#--------
---------------#--------
---------------#--------
-----a---------#--------
------bcde-----#--------
------@p-f-----#--------
-----o-q-g-----#--------
-----nl--h-----#----r---
---m---kji-----#--------
---------------#--------
---------------#--------
-----a---------#--------
------bcde-----#--------
-------p-f-----#--------
----o@-q-g-----#--------
-----nl--h-----#----r---
---m---kji-----#--------
---------------#--------
---------------#--------
-----a---------#--------
------bcde-----#--------
-------p-f-----#--------
---o@--q-g-----#--------
-----nl--h-----#----r---
---m---kji-----#--------
---------------#--------
---------------#--------
-----a---------#--------
------bcde-----#--------
-------p-f-----#--------
---o---q-g-----#--------
-----n@--h-----#----r---
---m--lkji-----#--------
---------------#--------
---------------#--------
-----a---------#--------
------bcde-----#--------
-------p-f-----#--------
---o---q-g-----#--------
-----n---@h----#----r---
---m--lkji-----#--------
---------------#--------
---------------#--------
-----a---------#--------
------bcde-----#--------
---o---p-f-----#--------
---@---q-g-----#--------
-----n----h----#----r---
---m--lkji-----#--------
---------------#--------
---------------#--------
-----a---------#--------
------bcde-----#--------
---o---p-f-----#--------
-------q-g-----#--------
-----n----h----#----r---
---@m-lkji-----#--------
---------------#--------
---------------#--------
-----a---------#--------
------bcde-----#--------
---o---p-f-----#--------
-------q-g-----#--------
-----n--j-h----#----r---
----m-lk@i-----#--------
---------------#--------
---------------#--------
-----a---------#--------
------bcde-----#--------
---o---p-f-----#--------
-------q-g-----#--------
-----n--j-h----#----r---
----m-lk-@i----#--------
---------------#--------
---------------#--------
-----a---------#--------
------bcde-----#--------
---o---p-f-----#--------
-------q-g-----#--------
-----n--j-h----#----r---
----m-lk-@i----#--------
---------------#--------
---------------#--------
-----a---------#--------
------bc@e-----#--------
---o---pdf-----#--------
-------q-g-----#--------
-----n--j-h----#----r---
----m-lk--i----#--------
---------------#--------
---------------#--------
-----a---------#--------
------bc-e-----#--------
---o---pdf-----#--------
-------q-g-----#--------
-----n--j-@h---#----r---
----m-lk--i----#--------
---------------#--------
---------------#--------
-----a---------#--------
------bc-e-----#--------
---o---pdf-----#--------
-------q-g-----#--------
-----n--j--h---#----r---
----m-lk-i@----#--------
---------------#--------
---------------#--------
-----a---------#--------
------bc-e-----#--------
---o---pdf-----#--------
-------q-g-----#--------
-----n-kj--h---#----r---
----m-l@-i-----#--------
---------------#--------
---------------#--------
-----a---------#--------
------bc-e-----#--------
---o---pdf-----#--------
-----n-q-g-----#--------
-----@-kj--h---#----r---
----m-l--i-----#--------
---------------#--------
---------------#--------
-----a---------#--------
------bc-@e----#--------
---o---pdf-----#--------
-----n-q-g-----#--------
-------kj--h---#----r---
----m-l--i-----#--------
---------------#--------
---------------#--------
-----a---------#--------
------bc-@e----#--------
---o---pdf-----#--------
-----n-q-g-----#--------
-------kj--h---#----r---
----m-l--i-----#--------
---------------#--------
---------------#--------
-----a---------#--------
------bc--e----#--------
---o---pdf-----#--------
-----n-q-g-----#--------
-------kj--h---#----r---
----m-l--@-----#--------
---------i-----#--------
---------------#--------
-----a---------#--------
------bc--e----#--------
---o-n-pdf-----#--------
-----@-q-g-----#--------
-------kj--h---#----r---
----m-l--------#--------
---------i-----#--------
---------------#--------
-----a---------#--------
------bc--@----#--------
---o-n-pdfe----#--------
-------q-g-----#--------
-------kj--h---#----r---
----m-l--------#--------
---------i-----#--------
---------------#--------
-----a---------#--------
------bc--@----#--------
---o-n-pdfe----#--------
-------q-g-----#--------
-------kj--h---#----r---
----m-l--------#--------
---------i-----#--------
---------------#--------
-----a---------#--------
------bc--@----#--------
---o-n-pdfe----#--------
-------q-g-----#--------
-------kj--h---#----r---
----m-l--------#--------
---------i-----#--------
---------------#--------
-----a---------#--------
------bc-------#--------
---on@-pdfe----#--------
-------q-g-----#--------
-------kj--h---#----r---
----m-l--------#--------
---------i-----#--------
---------------#--------
-----a---------#--------
---o--bc-------#--------
---@n--pdfe----#--------
-------q-g-----#--------
-------kj--h---#----r---
----m-l--------#--------
---------i-----#--------
---------------#--------
-----a---------#--------
---o--bc-------#--------
----n--pdfe----#--------
-------q-g-----#--------
-------kj--h---#----r---
----@ml--------#--------
---------i-----#--------
---------------#--------
-----a---------#--------
---o--bc-------#--------
----n--pdfe----#--------
-------q-g-----#--------
-------kj--h---#----r---
-----ml--i-----#--------
---------@-----#--------
---------------#--------
-----a---------#--------
---o--bc-------#--------
----n--pdfe----#--------
-------q-g-----#--------
-------kj--h---#----r---
-----ml--i-----#--------
---------@-----#--------
---------------#--------
-----a---------#--------
---o--bc-------#--------
----n--p@fe----#--------
-------qdg-----#--------
-------kj--h---#----r---
-----ml--i-----#--------
---------------#--------
---------------#--------
-----a---------#--------
---o--bc-------#--------
----n--p@fe----#--------
-------qdg-----#--------
-------kj--h---#----r---
-----ml--i-----#--------
---------------#--------
---------------#--------
-----a---------#--------
---o--bc-------#--------
----n--p-fe----#--------
-------qdg-----#--------
-------kji-h---#----r---
-----ml--@-----#--------
---------------#--------
---------------#--------
-----a---------#--------
---o--bc-------#--------
----n--p-fe----#--------
-------qdg-----#--------
-----m-kji-h---#----r---
-----@l--------#--------
---------------#--------
---------------#--------
-----a---------#--------
---@o-bc-------#--------
----n--p-fe----#--------
-------qdg-----#--------
-----m-kji-h---#----r---
------l--------#--------
---------------#--------
---------------#--------
-----a---------#--------
---@o-bc-------#--------
----n--p-fe----#--------
-------qdg-----#--------
-----m-kji-h---#----r---
------l--------#--------
---------------#--------
---------------#--------
-----a---------#--------
----o-bc-------#--------
----@n-p-fe----#--------
-------qdg-----#--------
-----m-kji-h---#----r---
------l--------#--------
---------------#--------
---------------#--------
-----a---------#--------
----o-bc-------#--------
-----n-p-fe----#--------
-------qdg-----#--------
-----m-kjih@---#----r---
------l--------#--------
---------------#--------
---------------#--------
-----a---------#--------
----o-bc-------#--------
-----n-p-f@----#--------
-------qdge----#--------
-----m-kjih----#----r---
------l--------#--------
---------------#--------
---------------#--------
-----a---------#--------
----o-bc-------#--------
-----n-pf@-----#--------
-------qdge----#--------
-----m-kjih----#----r---
------l--------#--------
---------------#--------
---------------#--------
-----a---------#--------
----@obc-------#--------
-----n-pf------#--------
-------qdge----#--------
-----m-kjih----#----r---
------l--------#--------
---------------#--------
---------------#--------
-----a---------#--------
-----obc-------#--------
-----n-pf------#--------
-------qdge----#--------
-----mlkjih----#----r---
------@--------#--------
---------------#--------
---------------#--------
-----a---------#--------
-----obc-------#--------
-----n-pf------#--------
-----m-qdge----#--------
-----@lkjih----#----r---
---------------#--------
---------------#--------
---------------#--------
-----a---------#--------
-----obc-------#--------
-----n-pf------#--------
-----@mqdge----#--------
------lkjih----#----r---
---------------#--------
---------------#--------
---------------#--------
-----a---------#--------
-----obc-------#--------
-----n-pf------#--------
-----@mqdge----#--------
------lkjih----#----r---
---------------#--------
---------------#--------
---------------#--------
-----a---------#--------
-----obc-------#--------
-----n-pf------#--------
-----@mqdge----#--------
------lkjih----#----r---
---------------#--------
---------------#--------
---------------#--------
-----a---------#--------
-----obc-------#--------
-----@npf------#--------
------mqdge----#--------
------lkjih----#----r---
---------------#--------
---------------#--------
---------------#--------
-----a---------#--------
-----obc-------#--------
-----@npf------#--------
------mqdge----#--------
------lkjih----#----r---
---------------#--------
---------------#--------
---------------#--------
-----@a--------#--------
-----obc-------#--------
------npf------#--------
------mqdge----#--------
------lkjih----#----r---
---------------#--------
---------------#--------
---------------#--------
------@a-------#--------
-----obc-------#--------
------npf------#--------
------mqdge----#--------
------lkjih----#----r---
---------------#--------
---------------#--------
---------------#--------
-------@a------#--------
-----obc-------#--------
------npf------#--------
------mqdge----#--------
------lkjih----#----r---
---------------#--------
---------------#--------
---------------#--------
-------a@------#--------
-----obc-------#--------
------npf------#--------
------mqdge----#--------
------lkjih----#----r---
---------------#--------
---------------#--------
---------------#--------
------a@-------#--------
-----obc-------#--------
------npf------#--------
------mqdge----#--------
------lkjih----#----r---
---------------#--------
---------------#--------
---------------#--------
-----a@--------#--------
-----obc-------#--------
------npf------#--------
------mqdge----#--------
------lkjih----#----r---
---------------#--------
---------------#--------
---------------#--------
----a@---------#--------
-----obc-------#--------
------npf------#--------
------mqdge----#--------
------lkjih----#----r---
---------------#--------
---------------#--------
---------------#--------
---a@----------#--------
-----obc-------#--------
------npf------#--------
------mqdge----#--------
------lkjih----#----r---
---------------#--------
---------------#--------
---------------#--------
--a@-----------#--------
-----obc-------#--------
------npf------#--------
------mqdge----#--------
------lkjih----#----r---
---------------#--------
---------------#--------
---------------#--------
-a@------------#--------
-----obc-------#--------
------npf------#--------
------mqdge----#--------
------lkjih----#----r---
---------------#--------
---------------#--------
---------------#--------
a@-------------#--------
-----obc-------#--------
------npf------#--------
------mqdge----#--------
------lkjih----#----r---
---------------#--------
---------------#--------
---------------#--------
a--------------#--------
-----@bc-------#--------
-----onpf------#--------
------mqdge----#--------
------lkjih----#----r---
---------------#--------
---------------#--------
---------------#--------
a--------------#--------
------bc-------#--------
-----@npf------#--------
-----omqdge----#--------
------lkjih----#----r---
---------------#--------
---------------#--------
---------------#--------
a--------------#--------
------bc-------#--------
------npf------#--------
-----@mqdge----#--------
-----olkjih----#----r---
---------------#--------
---------------#--------
---------------#--------
a--------------#--------
------bc-------#--------
------npf------#--------
------mqdge----#--------
-----@lkjih----#----r---
-----o---------#--------
---------------#--------
---------------#--------
a--------------#--------
------bc-------#--------
------npf------#--------
------mqdge----#--------
------lkjih----#----r---
-----@---------#--------
-----o---------#--------
---------------#--------
a--------------#--------
------bc-------#--------
------npf------#--------
------mqdge----#--------
------lkjih----#----r---
---------------#--------
-----@---------#--------
-----o---------#--------
a--------------#--------
------bc-------#--------
------npf------#--------
------mqdge----#--------
------lkjih----#----r---
---------------#--------
-----@---------#--------
-----o---------#--------
a--------------#--------
------bc-------#--------
------npf------#--------
------mqdge----#--------
------lkjih----#----r---
---------------#--------
---------------#--------
-----@o--------#--------
a--------------#--------
------bc-------#--------
------npf------#--------
------mqdge----#--------
------lkjih----#----r---
---------------#--------
---------------#--------
------@o-------#--------
a--------------#--------
------bc-------#--------
------npf------#--------
------mqdge----#--------
------lkjih----#----r---
---------------#--------
---------------#--------
-------@o------#--------
a--------------#--------
------bc-------#--------
------npf------#--------
------mqdge----#--------
------lkjih----#----r---
---------------#--------
---------------#--------
--------@o-----#--------
a--------------#--------
------bc-------#--------
------npf------#--------
------mqdge----#--------
------lkjih----#----r---
---------------#--------
---------------#--------
---------@o----#--------
a--------------#--------
------bc-------#--------
------npf------#--------
------mqdge----#--------
------lkjih----#----r---
---------------#--------
---------------#--------
----------@o---#--------
a--------------#--------
------bc-------#--------
------npf------#--------
------mqdge----#--------
------lkjih----#----r---
---------------#--------
---------------#--------
-----------@o--#--------
a--------------#--------
------bc-------#--------
------npf------#--------
------mqdge----#--------
------lkjih----#----r---
---------------#--------
---------------#--------
------------@o-#--------
a--------------#--------
------bc-------#--------
------npf------#--------
------mqdge----#--------
------lkjih----#----r---
---------------#--------
---------------#--------
-------------@o#--------
a--------------#--------
------bc-------#--------
------npf------#--------
------mqdge----#--------
------lkjih----#----r---
---------------#--------
---------------#--------
-------------@o#--------
a--------------#--------
------bc-------#--------
------npf------#--------
------mqdge----#--------
------lkjih----#----r---
---------------#--------
---------------#--------
-------------@o#--------
a--------------#--------
------bc-------#--------
------npf------#--------
------mqdge----#--------
------lkjih----#----r---
---------------#--------
---------------#--------
------------@o-#--------
a--------------#--------
------bc-------#--------
------npf------#--------
------mqdge----#--------
------lkjih----#----r---
---------------#--------
---------------#--------
-----------@o--#--------
a--------------#--------
------bc-------#--------
------npf------#--------
------mqdge----#--------
------lkjih----#----r---
---------------#--------
---------------#--------
----------@o---#--------
a--------------#--------
------bc-------#--------
------npf------#--------
------mqdge----#--------
------lkjih----#----r---
---------------#--------
---------------#--------
---------@o----#--------
a--------------#--------
------bc-------#--------
------npf------#--------
------mqdge----#--------
------lkjih----#----r---
---------------#--------
---------------#--------
--------@o-----#--------
a--------------#--------
------bc-------#--------
------npf------#--------
------mqdge----#--------
------lkjih----#----r---
---------------#--------
---------------#--------
-------@o------#--------
a--------------#--------
------bc-------#--------
------npf------#--------
------mqdge----#--------
------lkjih----#----r---
---------------#--------
---------------#--------
------@o-------#--------
a--------------#--------
------bc-------#--------
------npf------#--------
------mqdge----#--------
------lkjih----#----r---
---------------#--------
---------------#--------
-----@o--------#--------
a--------------#--------
------bc-------#--------
------npf------#--------
------mqdge----#--------
------lkjih----#----r---
---------------#--------
-----@---------#--------
-----o---------#--------
a--------------#--------
------bc-------#--------
------npf------#--------
------mqdge----#--------
------lkjih----#----r---
-----@---------#--------
-----o---------#--------
---------------#--------
a--------------#--------
------bc-------#--------
------npf------#--------
------mqdge----#--------
-----@lkjih----#----r---
-----o---------#--------
---------------#--------
---------------#--------
a--------------#--------
------bc-------#--------
------npf------#--------
-----@mqdge----#--------
-----olkjih----#----r---
---------------#--------
---------------#--------
---------------#--------
a--------------#--------
------bc-------#--------
-----@npf------#--------
-----omqdge----#--------
------lkjih----#----r---
---------------#--------
---------------#--------
---------------#--------
a--------------#--------
-----@bc-------#--------
-----onpf------#--------
------mqdge----#--------
------lkjih----#----r---
---------------#--------
---------------#--------
---------------#--------
a@-------------#--------
-----obc-------#--------
------npf------#--------
------mqdge----#--------
------lkjih----#----r---
---------------#--------
---------------#--------
---------------#--------
-a@------------#--------
-----obc-------#--------
------npf------#--------
------mqdge----#--------
------lkjih----#----r---
---------------#--------
---------------#--------
---------------#--------
--a@-----------#--------
-----obc-------#--------
------npf------#--------
------mqdge----#--------
------lkjih----#----r---
---------------#--------
---------------#--------
---------------#--------
---a@----------#--------
-----obc-------#--------
------npf------#--------
------mqdge----#--------
------lkjih----#----r---
---------------#--------
---------------#--------
---------------#--------
----a@---------#--------
-----obc-------#--------
------npf------#--------
------mqdge----#--------
------lkjih----#----r---
---------------#--------
---------------#--------
---------------#--------
-----a@--------#--------
-----obc-------#--------
------npf------#--------
------mqdge----#--------
------lkjih----#----r---
---------------#--------
---------------#--------
---------------#--------
------a@-------#--------
-----obc-------#--------
------npf------#--------
------mqdge----#--------
------lkjih----#----r---
---------------#--------
---------------#--------
---------------#--------
-------a@------#--------
-----obc-------#--------
------npf------#--------
------mqdge----#--------
------lkjih----#----r---
---------------#--------
---------------#--------
---------------#--------
-------@a------#--------
-----obc-------#--------
------npf------#--------
------mqdge----#--------
------lkjih----#----r---
---------------#--------
---------------#--------
---------------#--------
------@a-------#--------
-----obc-------#--------
------npf------#--------
------mqdge----#--------
------lkjih----#----r---
---------------#--------
---------------#--------
---------------#--------
-----@a--------#--------
-----obc-------#--------
------npf------#--------
------mqdge----#--------
------lkjih----#----r---
---------------#--------
---------------#--------
---------------#--------
-----a---------#--------
-----obc-------#--------
-----@npf------#--------
------mqdge----#--------
------lkjih----#----r---
---------------#--------
---------------#--------
---------------#--------
-----a---------#--------
-----obc-------#--------
-----n-pf------#--------
-----@mqdge----#--------
------lkjih----#----r---
---------------#--------
---------------#--------
---------------#--------
-----a---------#--------
-----obc-------#--------
-----n-pf------#--------
-----m-qdge----#--------
-----@lkjih----#----r---
---------------#--------
---------------#--------
---------------#--------
-----a---------#--------
-----obc-------#--------
-----n-pf------#--------
-------qdge----#--------
-----mlkjih----#----r---
------@--------#--------
---------------#--------
---------------#--------
-----a---------#--------
----@obc-------#--------
-----n-pf------#--------
-------qdge----#--------
-----m-kjih----#----r---
------l--------#--------
---------------#--------
---------------#--------
-----a---------#--------
----o-bc-------#--------
-----n-pf@-----#--------
-------qdge----#--------
-----m-kjih----#----r---
------l--------#--------
---------------#--------
---------------#--------
-----a---------#--------
----o-bc-------#--------
-----n-p-f@----#--------
-------qdge----#--------
-----m-kjih----#----r---
------l--------#--------
---------------#--------
---------------#--------
-----a---------#--------
----o-bc-------#--------
-----n-p-fe----#--------
-------qdg-----#--------
-----m-kjih@---#----r---
------l--------#--------
---------------#--------
---------------#--------
