@z+-
@z+-
@z+-
@z+-
-@Z-
@z+-
-@Z-
-@Z-
--*z
--*z
-@Z-
@z+-
@z+-
@z+-
