---
@z-
-A-
---
z@-
-A-
---
z@-
-A-
---
z@-
-A-
---
@--
zA-
---
z@-
-A-
---
@z-
-A-
---
@z-
-A-
---
-z-
a*-
---
-@-
aZ-
---
-z-
a*-
---
z@-
a+-
---
z@-
a+-
---
z@-
a+-
---
-z-
a*-
---
@z-
-A-
---
-z-
-*a
---
-z-
-*a
---
z@-
-+a
---
-z-
-*a
---
@z-
-A-
---
@z-
-A-
---
@z-
-A-
